Copyright 1986-2019 Xilinx, Inc. All Rights Reserved.
----------------------------------------------------------------------------------------------------------------------------------------------------------------------------------------------------------------------------------------------------------------------
| Tool Version : Vivado v.2019.2 (lin64) Build 2708876 Wed Nov  6 21:39:14 MST 2019
| Date         : Thu Apr 28 11:10:51 2022
| Host         : viz-n1.crc.pitt.edu running 64-bit Red Hat Enterprise Linux Server release 7.9 (Maipo)
| Command      : report_accelerator_utilization -kernels { TransposeConv2d_kernel_TransposeConv2d_kernel:pfm_top_i/dynamic_region/TransposeConv2d_kernel_1/inst:TransposeConv2d_kernel_1} -file ../../../output/kernel_util_routed.rpt -name kernel_util_routed -json
| Design       : pfm_top_wrapper
| Device       : xcu200
| Design State : Routed
----------------------------------------------------------------------------------------------------------------------------------------------------------------------------------------------------------------------------------------------------------------------

Accelerator Utilization Design Information

Table of Contents
-----------------
1. System Utilization

1. System Utilization
---------------------

+-----------------------------------------------+------------------+------------------+-------------------+----------------+---------------+----------------+
| Name                                          | LUT              | LUTAsMem         | REG               | BRAM           | URAM          | DSP            |
+-----------------------------------------------+------------------+------------------+-------------------+----------------+---------------+----------------+
| Platform                                      | 218745 [ 18.50%] |  28877 [  4.88%] |  320176 [ 13.54%] |  426 [ 19.72%] |   0 [  0.00%] |   13 [  0.19%] |
| User Budget                                   | 963495 [100.00%] | 562963 [100.00%] | 2044304 [100.00%] | 1734 [100.00%] | 960 [100.00%] | 6827 [100.00%] |
|    Used Resources                             |  10074 [  1.05%] |    381 [  0.07%] |   19635 [  0.96%] |  311 [ 17.94%] |   0 [  0.00%] |  266 [  3.90%] |
|    Unused Resources                           | 953421 [ 98.95%] | 562582 [ 99.93%] | 2024669 [ 99.04%] | 1423 [ 82.06%] | 960 [100.00%] | 6561 [ 96.10%] |
| TransposeConv2d_kernel_TransposeConv2d_kernel |  10074 [  1.05%] |    381 [  0.07%] |   19635 [  0.96%] |  311 [ 17.94%] |   0 [  0.00%] |  266 [  3.90%] |
|    TransposeConv2d_kernel_1                   |  10074 [  1.05%] |    381 [  0.07%] |   19635 [  0.96%] |  311 [ 17.94%] |   0 [  0.00%] |  266 [  3.90%] |
+-----------------------------------------------+------------------+------------------+-------------------+----------------+---------------+----------------+


