Copyright 1986-2019 Xilinx, Inc. All Rights Reserved.
----------------------------------------------------------------------------------------------------------------------------------------------------------------------------------------------------------------------------------------------------------------------
| Tool Version : Vivado v.2019.2 (lin64) Build 2708876 Wed Nov  6 21:39:14 MST 2019
| Date         : Tue Apr 27 22:48:16 2021
| Host         : viz-n1.crc.pitt.edu running 64-bit Red Hat Enterprise Linux Server release 7.9 (Maipo)
| Command      : report_accelerator_utilization -kernels { TransposeConv2d_kernel_TransposeConv2d_kernel:pfm_top_i/dynamic_region/TransposeConv2d_kernel_1/inst:TransposeConv2d_kernel_1} -file ../../../output/kernel_util_routed.rpt -name kernel_util_routed -json
| Design       : pfm_top_wrapper
| Device       : xcu200
| Design State : Routed
----------------------------------------------------------------------------------------------------------------------------------------------------------------------------------------------------------------------------------------------------------------------

Accelerator Utilization Design Information

Table of Contents
-----------------
1. System Utilization

1. System Utilization
---------------------

+-----------------------------------------------+-------------------+------------------+-------------------+----------------+---------------+----------------+
| Name                                          | LUT               | LUTAsMem         | REG               | BRAM           | URAM          | DSP            |
+-----------------------------------------------+-------------------+------------------+-------------------+----------------+---------------+----------------+
| Platform                                      |  157801 [ 13.35%] |  17893 [  3.02%] |  230197 [  9.74%] |  338 [ 15.65%] |   0 [  0.00%] |    7 [  0.10%] |
| User Budget                                   | 1024439 [100.00%] | 573947 [100.00%] | 2134283 [100.00%] | 1822 [100.00%] | 960 [100.00%] | 6833 [100.00%] |
|    Used Resources                             |   10038 [  0.98%] |    382 [  0.07%] |   19108 [  0.90%] |  311 [ 17.07%] |   0 [  0.00%] |  271 [  3.97%] |
|    Unused Resources                           | 1014401 [ 99.02%] | 573565 [ 99.93%] | 2115175 [ 99.10%] | 1511 [ 82.93%] | 960 [100.00%] | 6562 [ 96.03%] |
| TransposeConv2d_kernel_TransposeConv2d_kernel |   10038 [  0.98%] |    382 [  0.07%] |   19108 [  0.90%] |  311 [ 17.07%] |   0 [  0.00%] |  271 [  3.97%] |
|    TransposeConv2d_kernel_1                   |   10038 [  0.98%] |    382 [  0.07%] |   19108 [  0.90%] |  311 [ 17.07%] |   0 [  0.00%] |  271 [  3.97%] |
+-----------------------------------------------+-------------------+------------------+-------------------+----------------+---------------+----------------+


