Copyright 1986-2019 Xilinx, Inc. All Rights Reserved.
----------------------------------------------------------------------------------------------------------------------------------------------------------------------------------------------------------------------------------------------------------------------
| Tool Version : Vivado v.2019.2 (lin64) Build 2708876 Wed Nov  6 21:39:14 MST 2019
| Date         : Sun Apr 25 15:44:44 2021
| Host         : viz-n1.crc.pitt.edu running 64-bit Red Hat Enterprise Linux Server release 7.9 (Maipo)
| Command      : report_accelerator_utilization -kernels { TransposeConv2d_kernel_TransposeConv2d_kernel:pfm_top_i/dynamic_region/TransposeConv2d_kernel_1/inst:TransposeConv2d_kernel_1} -file ../../../output/kernel_util_routed.rpt -name kernel_util_routed -json
| Design       : pfm_top_wrapper
| Device       : xcu200
| Design State : Routed
----------------------------------------------------------------------------------------------------------------------------------------------------------------------------------------------------------------------------------------------------------------------

Accelerator Utilization Design Information

Table of Contents
-----------------
1. System Utilization

1. System Utilization
---------------------

+-----------------------------------------------+-------------------+------------------+-------------------+----------------+---------------+----------------+
| Name                                          | LUT               | LUTAsMem         | REG               | BRAM           | URAM          | DSP            |
+-----------------------------------------------+-------------------+------------------+-------------------+----------------+---------------+----------------+
| Platform                                      |  154345 [ 13.06%] |  17772 [  3.00%] |  223762 [  9.46%] |  320 [ 14.81%] |   0 [  0.00%] |    7 [  0.10%] |
| User Budget                                   | 1027895 [100.00%] | 574068 [100.00%] | 2140718 [100.00%] | 1840 [100.00%] | 960 [100.00%] | 6833 [100.00%] |
|    Used Resources                             |    9518 [  0.93%] |    261 [  0.05%] |   12599 [  0.59%] |  121 [  6.58%] |   0 [  0.00%] |   71 [  1.04%] |
|    Unused Resources                           | 1018377 [ 99.07%] | 573807 [ 99.95%] | 2128119 [ 99.41%] | 1719 [ 93.42%] | 960 [100.00%] | 6762 [ 98.96%] |
| TransposeConv2d_kernel_TransposeConv2d_kernel |    9518 [  0.93%] |    261 [  0.05%] |   12599 [  0.59%] |  121 [  6.58%] |   0 [  0.00%] |   71 [  1.04%] |
|    TransposeConv2d_kernel_1                   |    9518 [  0.93%] |    261 [  0.05%] |   12599 [  0.59%] |  121 [  6.58%] |   0 [  0.00%] |   71 [  1.04%] |
+-----------------------------------------------+-------------------+------------------+-------------------+----------------+---------------+----------------+


