Copyright 1986-2019 Xilinx, Inc. All Rights Reserved.
----------------------------------------------------------------------------------------------------------------------------------------------------------------------------------------------------------------------------------------------------------------------
| Tool Version : Vivado v.2019.2 (lin64) Build 2708876 Wed Nov  6 21:39:14 MST 2019
| Date         : Thu Apr 22 19:04:44 2021
| Host         : viz-n1.crc.pitt.edu running 64-bit Red Hat Enterprise Linux Server release 7.9 (Maipo)
| Command      : report_accelerator_utilization -kernels { TransposeConv2d_kernel_TransposeConv2d_kernel:pfm_top_i/dynamic_region/TransposeConv2d_kernel_1/inst:TransposeConv2d_kernel_1} -file ../../../output/kernel_util_routed.rpt -name kernel_util_routed -json
| Design       : pfm_top_wrapper
| Device       : xcu200
| Design State : Routed
----------------------------------------------------------------------------------------------------------------------------------------------------------------------------------------------------------------------------------------------------------------------

Accelerator Utilization Design Information

Table of Contents
-----------------
1. System Utilization

1. System Utilization
---------------------

+-----------------------------------------------+-------------------+------------------+-------------------+----------------+---------------+----------------+
| Name                                          | LUT               | LUTAsMem         | REG               | BRAM           | URAM          | DSP            |
+-----------------------------------------------+-------------------+------------------+-------------------+----------------+---------------+----------------+
| Platform                                      |  154362 [ 13.06%] |  17772 [  3.00%] |  223763 [  9.46%] |  320 [ 14.81%] |   0 [  0.00%] |    7 [  0.10%] |
| User Budget                                   | 1027878 [100.00%] | 574068 [100.00%] | 2140717 [100.00%] | 1840 [100.00%] | 960 [100.00%] | 6833 [100.00%] |
|    Used Resources                             |    2900 [  0.28%] |    234 [  0.04%] |    4301 [  0.20%] |    1 [  0.05%] |   0 [  0.00%] |   10 [  0.15%] |
|    Unused Resources                           | 1024978 [ 99.72%] | 573834 [ 99.96%] | 2136416 [ 99.80%] | 1839 [ 99.95%] | 960 [100.00%] | 6823 [ 99.85%] |
| TransposeConv2d_kernel_TransposeConv2d_kernel |    2900 [  0.28%] |    234 [  0.04%] |    4301 [  0.20%] |    1 [  0.05%] |   0 [  0.00%] |   10 [  0.15%] |
|    TransposeConv2d_kernel_1                   |    2900 [  0.28%] |    234 [  0.04%] |    4301 [  0.20%] |    1 [  0.05%] |   0 [  0.00%] |   10 [  0.15%] |
+-----------------------------------------------+-------------------+------------------+-------------------+----------------+---------------+----------------+


