Copyright 1986-2019 Xilinx, Inc. All Rights Reserved.
----------------------------------------------------------------------------------------------------------------------------------------------------------------------------------------------------------------------------------------------------------------------
| Tool Version : Vivado v.2019.2 (lin64) Build 2708876 Wed Nov  6 21:39:14 MST 2019
| Date         : Mon Apr 26 15:21:36 2021
| Host         : viz-n1.crc.pitt.edu running 64-bit Red Hat Enterprise Linux Server release 7.9 (Maipo)
| Command      : report_accelerator_utilization -kernels { TransposeConv2d_kernel_TransposeConv2d_kernel:pfm_top_i/dynamic_region/TransposeConv2d_kernel_1/inst:TransposeConv2d_kernel_1} -file ../../../output/kernel_util_routed.rpt -name kernel_util_routed -json
| Design       : pfm_top_wrapper
| Device       : xcu200
| Design State : Routed
----------------------------------------------------------------------------------------------------------------------------------------------------------------------------------------------------------------------------------------------------------------------

Accelerator Utilization Design Information

Table of Contents
-----------------
1. System Utilization

1. System Utilization
---------------------

+-----------------------------------------------+-------------------+------------------+-------------------+----------------+---------------+----------------+
| Name                                          | LUT               | LUTAsMem         | REG               | BRAM           | URAM          | DSP            |
+-----------------------------------------------+-------------------+------------------+-------------------+----------------+---------------+----------------+
| Platform                                      |  154387 [ 13.06%] |  17772 [  3.00%] |  224159 [  9.48%] |  320 [ 14.81%] |   0 [  0.00%] |    7 [  0.10%] |
| User Budget                                   | 1027853 [100.00%] | 574068 [100.00%] | 2140321 [100.00%] | 1840 [100.00%] | 960 [100.00%] | 6833 [100.00%] |
|    Used Resources                             |    6064 [  0.59%] |    430 [  0.07%] |    9638 [  0.45%] |  289 [ 15.71%] |   0 [  0.00%] |  272 [  3.98%] |
|    Unused Resources                           | 1021789 [ 99.41%] | 573638 [ 99.93%] | 2130683 [ 99.55%] | 1551 [ 84.29%] | 960 [100.00%] | 6561 [ 96.02%] |
| TransposeConv2d_kernel_TransposeConv2d_kernel |    6064 [  0.59%] |    430 [  0.07%] |    9638 [  0.45%] |  289 [ 15.71%] |   0 [  0.00%] |  272 [  3.98%] |
|    TransposeConv2d_kernel_1                   |    6064 [  0.59%] |    430 [  0.07%] |    9638 [  0.45%] |  289 [ 15.71%] |   0 [  0.00%] |  272 [  3.98%] |
+-----------------------------------------------+-------------------+------------------+-------------------+----------------+---------------+----------------+


