Copyright 1986-2019 Xilinx, Inc. All Rights Reserved.
----------------------------------------------------------------------------------------------------------------------------------------------------------------------------------------------------------------------------------------------------------------------
| Tool Version : Vivado v.2019.2 (lin64) Build 2708876 Wed Nov  6 21:39:14 MST 2019
| Date         : Sun Apr 25 23:06:38 2021
| Host         : viz-n1.crc.pitt.edu running 64-bit Red Hat Enterprise Linux Server release 7.9 (Maipo)
| Command      : report_accelerator_utilization -kernels { TransposeConv2d_kernel_TransposeConv2d_kernel:pfm_top_i/dynamic_region/TransposeConv2d_kernel_1/inst:TransposeConv2d_kernel_1} -file ../../../output/kernel_util_routed.rpt -name kernel_util_routed -json
| Design       : pfm_top_wrapper
| Device       : xcu200
| Design State : Routed
----------------------------------------------------------------------------------------------------------------------------------------------------------------------------------------------------------------------------------------------------------------------

Accelerator Utilization Design Information

Table of Contents
-----------------
1. System Utilization

1. System Utilization
---------------------

+-----------------------------------------------+-------------------+------------------+-------------------+----------------+---------------+----------------+
| Name                                          | LUT               | LUTAsMem         | REG               | BRAM           | URAM          | DSP            |
+-----------------------------------------------+-------------------+------------------+-------------------+----------------+---------------+----------------+
| Platform                                      |  154383 [ 13.06%] |  17772 [  3.00%] |  224046 [  9.48%] |  320 [ 14.81%] |   0 [  0.00%] |    7 [  0.10%] |
| User Budget                                   | 1027857 [100.00%] | 574068 [100.00%] | 2140434 [100.00%] | 1840 [100.00%] | 960 [100.00%] | 6833 [100.00%] |
|    Used Resources                             |    8331 [  0.81%] |    275 [  0.05%] |   10582 [  0.49%] |  289 [ 15.71%] |   0 [  0.00%] |  308 [  4.51%] |
|    Unused Resources                           | 1019526 [ 99.19%] | 573793 [ 99.95%] | 2129852 [ 99.51%] | 1551 [ 84.29%] | 960 [100.00%] | 6525 [ 95.49%] |
| TransposeConv2d_kernel_TransposeConv2d_kernel |    8331 [  0.81%] |    275 [  0.05%] |   10582 [  0.49%] |  289 [ 15.71%] |   0 [  0.00%] |  308 [  4.51%] |
|    TransposeConv2d_kernel_1                   |    8331 [  0.81%] |    275 [  0.05%] |   10582 [  0.49%] |  289 [ 15.71%] |   0 [  0.00%] |  308 [  4.51%] |
+-----------------------------------------------+-------------------+------------------+-------------------+----------------+---------------+----------------+


