Copyright 1986-2019 Xilinx, Inc. All Rights Reserved.
----------------------------------------------------------------------------------------------------------------------------------------------------------------------------------------------------------------------------------------------------------------------
| Tool Version : Vivado v.2019.2 (lin64) Build 2708876 Wed Nov  6 21:39:14 MST 2019
| Date         : Tue Apr 27 16:45:33 2021
| Host         : viz-n1.crc.pitt.edu running 64-bit Red Hat Enterprise Linux Server release 7.9 (Maipo)
| Command      : report_accelerator_utilization -kernels { TransposeConv2d_kernel_TransposeConv2d_kernel:pfm_top_i/dynamic_region/TransposeConv2d_kernel_1/inst:TransposeConv2d_kernel_1} -file ../../../output/kernel_util_routed.rpt -name kernel_util_routed -json
| Design       : pfm_top_wrapper
| Device       : xcu200
| Design State : Routed
----------------------------------------------------------------------------------------------------------------------------------------------------------------------------------------------------------------------------------------------------------------------

Accelerator Utilization Design Information

Table of Contents
-----------------
1. System Utilization

1. System Utilization
---------------------

+-----------------------------------------------+-------------------+------------------+-------------------+----------------+---------------+----------------+
| Name                                          | LUT               | LUTAsMem         | REG               | BRAM           | URAM          | DSP            |
+-----------------------------------------------+-------------------+------------------+-------------------+----------------+---------------+----------------+
| Platform                                      |  154381 [ 13.06%] |  17772 [  3.00%] |  224012 [  9.47%] |  320 [ 14.81%] |   0 [  0.00%] |    7 [  0.10%] |
| User Budget                                   | 1027859 [100.00%] | 574068 [100.00%] | 2140468 [100.00%] | 1840 [100.00%] | 960 [100.00%] | 6833 [100.00%] |
|    Used Resources                             |    6125 [  0.60%] |    421 [  0.07%] |   10046 [  0.47%] |  289 [ 15.71%] |   0 [  0.00%] |  271 [  3.97%] |
|    Unused Resources                           | 1021734 [ 99.40%] | 573647 [ 99.93%] | 2130422 [ 99.53%] | 1551 [ 84.29%] | 960 [100.00%] | 6562 [ 96.03%] |
| TransposeConv2d_kernel_TransposeConv2d_kernel |    6125 [  0.60%] |    421 [  0.07%] |   10046 [  0.47%] |  289 [ 15.71%] |   0 [  0.00%] |  271 [  3.97%] |
|    TransposeConv2d_kernel_1                   |    6125 [  0.60%] |    421 [  0.07%] |   10046 [  0.47%] |  289 [ 15.71%] |   0 [  0.00%] |  271 [  3.97%] |
+-----------------------------------------------+-------------------+------------------+-------------------+----------------+---------------+----------------+


