Copyright 1986-2019 Xilinx, Inc. All Rights Reserved.
----------------------------------------------------------------------------------------------------------------------------------------------------------------------------------------------------------------------------------------------------------------------
| Tool Version : Vivado v.2019.2 (lin64) Build 2708876 Wed Nov  6 21:39:14 MST 2019
| Date         : Thu Apr 29 14:12:33 2021
| Host         : fpga-n0.crc.pitt.edu running 64-bit Red Hat Enterprise Linux Server release 7.9 (Maipo)
| Command      : report_accelerator_utilization -kernels { TransposeConv2d_kernel_TransposeConv2d_kernel:pfm_top_i/dynamic_region/TransposeConv2d_kernel_1/inst:TransposeConv2d_kernel_1} -file ../../../output/kernel_util_routed.rpt -name kernel_util_routed -json
| Design       : pfm_top_wrapper
| Device       : xcu200
| Design State : Routed
----------------------------------------------------------------------------------------------------------------------------------------------------------------------------------------------------------------------------------------------------------------------

Accelerator Utilization Design Information

Table of Contents
-----------------
1. System Utilization

1. System Utilization
---------------------

+-----------------------------------------------+-------------------+------------------+-------------------+----------------+---------------+----------------+
| Name                                          | LUT               | LUTAsMem         | REG               | BRAM           | URAM          | DSP            |
+-----------------------------------------------+-------------------+------------------+-------------------+----------------+---------------+----------------+
| Platform                                      |  157216 [ 13.30%] |  17893 [  3.02%] |  230674 [  9.76%] |  338 [ 15.65%] |   0 [  0.00%] |    7 [  0.10%] |
| User Budget                                   | 1025024 [100.00%] | 573947 [100.00%] | 2133806 [100.00%] | 1822 [100.00%] | 960 [100.00%] | 6833 [100.00%] |
|    Used Resources                             |   11803 [  1.15%] |    464 [  0.08%] |   24040 [  1.13%] |  364 [ 19.98%] |   0 [  0.00%] |  267 [  3.91%] |
|    Unused Resources                           | 1013221 [ 98.85%] | 573483 [ 99.92%] | 2109766 [ 98.87%] | 1458 [ 80.02%] | 960 [100.00%] | 6566 [ 96.09%] |
| TransposeConv2d_kernel_TransposeConv2d_kernel |   11803 [  1.15%] |    464 [  0.08%] |   24040 [  1.13%] |  364 [ 19.98%] |   0 [  0.00%] |  267 [  3.91%] |
|    TransposeConv2d_kernel_1                   |   11803 [  1.15%] |    464 [  0.08%] |   24040 [  1.13%] |  364 [ 19.98%] |   0 [  0.00%] |  267 [  3.91%] |
+-----------------------------------------------+-------------------+------------------+-------------------+----------------+---------------+----------------+


