Copyright 1986-2019 Xilinx, Inc. All Rights Reserved.
----------------------------------------------------------------------------------------------------------------------------------------------------------------------------------------------------------------------------------------------------------------------
| Tool Version : Vivado v.2019.2 (lin64) Build 2708876 Wed Nov  6 21:39:14 MST 2019
| Date         : Wed Apr 28 18:28:36 2021
| Host         : viz-n1.crc.pitt.edu running 64-bit Red Hat Enterprise Linux Server release 7.9 (Maipo)
| Command      : report_accelerator_utilization -kernels { TransposeConv2d_kernel_TransposeConv2d_kernel:pfm_top_i/dynamic_region/TransposeConv2d_kernel_1/inst:TransposeConv2d_kernel_1} -file ../../../output/kernel_util_routed.rpt -name kernel_util_routed -json
| Design       : pfm_top_wrapper
| Device       : xcu200
| Design State : Routed
----------------------------------------------------------------------------------------------------------------------------------------------------------------------------------------------------------------------------------------------------------------------

Accelerator Utilization Design Information

Table of Contents
-----------------
1. System Utilization

1. System Utilization
---------------------

+-----------------------------------------------+------------------+------------------+-------------------+----------------+---------------+----------------+
| Name                                          | LUT              | LUTAsMem         | REG               | BRAM           | URAM          | DSP            |
+-----------------------------------------------+------------------+------------------+-------------------+----------------+---------------+----------------+
| Platform                                      | 218836 [ 18.51%] |  28877 [  4.88%] |  320801 [ 13.57%] |  426 [ 19.72%] |   0 [  0.00%] |   13 [  0.19%] |
| User Budget                                   | 963404 [100.00%] | 562963 [100.00%] | 2043679 [100.00%] | 1734 [100.00%] | 960 [100.00%] | 6827 [100.00%] |
|    Used Resources                             |  35726 [  3.71%] |  14621 [  2.60%] |   55779 [  2.73%] |  492 [ 28.37%] |   0 [  0.00%] |  523 [  7.66%] |
|    Unused Resources                           | 927678 [ 96.29%] | 548342 [ 97.40%] | 1987900 [ 97.27%] | 1242 [ 71.63%] | 960 [100.00%] | 6304 [ 92.34%] |
| TransposeConv2d_kernel_TransposeConv2d_kernel |  35726 [  3.71%] |  14621 [  2.60%] |   55779 [  2.73%] |  492 [ 28.37%] |   0 [  0.00%] |  523 [  7.66%] |
|    TransposeConv2d_kernel_1                   |  35726 [  3.71%] |  14621 [  2.60%] |   55779 [  2.73%] |  492 [ 28.37%] |   0 [  0.00%] |  523 [  7.66%] |
+-----------------------------------------------+------------------+------------------+-------------------+----------------+---------------+----------------+


