Copyright 1986-2019 Xilinx, Inc. All Rights Reserved.
----------------------------------------------------------------------------------------------------------------------------------------------------------------------------------------------------------------------------------------------------------------------
| Tool Version : Vivado v.2019.2 (lin64) Build 2708876 Wed Nov  6 21:39:14 MST 2019
| Date         : Wed Apr 28 14:03:31 2021
| Host         : viz-n1.crc.pitt.edu running 64-bit Red Hat Enterprise Linux Server release 7.9 (Maipo)
| Command      : report_accelerator_utilization -kernels { TransposeConv2d_kernel_TransposeConv2d_kernel:pfm_top_i/dynamic_region/TransposeConv2d_kernel_1/inst:TransposeConv2d_kernel_1} -file ../../../output/kernel_util_routed.rpt -name kernel_util_routed -json
| Design       : pfm_top_wrapper
| Device       : xcu200
| Design State : Routed
----------------------------------------------------------------------------------------------------------------------------------------------------------------------------------------------------------------------------------------------------------------------

Accelerator Utilization Design Information

Table of Contents
-----------------
1. System Utilization

1. System Utilization
---------------------

+-----------------------------------------------+------------------+------------------+-------------------+----------------+---------------+----------------+
| Name                                          | LUT              | LUTAsMem         | REG               | BRAM           | URAM          | DSP            |
+-----------------------------------------------+------------------+------------------+-------------------+----------------+---------------+----------------+
| Platform                                      | 218843 [ 18.51%] |  28877 [  4.88%] |  320634 [ 13.56%] |  426 [ 19.72%] |   0 [  0.00%] |   13 [  0.19%] |
| User Budget                                   | 963397 [100.00%] | 562963 [100.00%] | 2043846 [100.00%] | 1734 [100.00%] | 960 [100.00%] | 6827 [100.00%] |
|    Used Resources                             |  12433 [  1.29%] |    458 [  0.08%] |   23309 [  1.14%] |  350 [ 20.18%] |   0 [  0.00%] |  266 [  3.90%] |
|    Unused Resources                           | 950964 [ 98.71%] | 562505 [ 99.92%] | 2020537 [ 98.86%] | 1384 [ 79.82%] | 960 [100.00%] | 6561 [ 96.10%] |
| TransposeConv2d_kernel_TransposeConv2d_kernel |  12433 [  1.29%] |    458 [  0.08%] |   23309 [  1.14%] |  350 [ 20.18%] |   0 [  0.00%] |  266 [  3.90%] |
|    TransposeConv2d_kernel_1                   |  12433 [  1.29%] |    458 [  0.08%] |   23309 [  1.14%] |  350 [ 20.18%] |   0 [  0.00%] |  266 [  3.90%] |
+-----------------------------------------------+------------------+------------------+-------------------+----------------+---------------+----------------+


