Copyright 1986-2019 Xilinx, Inc. All Rights Reserved.
----------------------------------------------------------------------------------------------------------------------------------------------------------------------------------------------------------------------------------------------------------------------
| Tool Version : Vivado v.2019.2 (lin64) Build 2708876 Wed Nov  6 21:39:14 MST 2019
| Date         : Thu Apr 29 14:13:15 2021
| Host         : fpga-n0.crc.pitt.edu running 64-bit Red Hat Enterprise Linux Server release 7.9 (Maipo)
| Command      : report_accelerator_utilization -kernels { TransposeConv2d_kernel_TransposeConv2d_kernel:pfm_top_i/dynamic_region/TransposeConv2d_kernel_1/inst:TransposeConv2d_kernel_1} -file ../../../output/kernel_util_routed.rpt -name kernel_util_routed -json
| Design       : pfm_top_wrapper
| Device       : xcu200
| Design State : Routed
----------------------------------------------------------------------------------------------------------------------------------------------------------------------------------------------------------------------------------------------------------------------

Accelerator Utilization Design Information

Table of Contents
-----------------
1. System Utilization

1. System Utilization
---------------------

+-----------------------------------------------+-------------------+------------------+-------------------+----------------+---------------+----------------+
| Name                                          | LUT               | LUTAsMem         | REG               | BRAM           | URAM          | DSP            |
+-----------------------------------------------+-------------------+------------------+-------------------+----------------+---------------+----------------+
| Platform                                      |  157197 [ 13.30%] |  17893 [  3.02%] |  230671 [  9.76%] |  338 [ 15.65%] |   0 [  0.00%] |    7 [  0.10%] |
| User Budget                                   | 1025043 [100.00%] | 573947 [100.00%] | 2133809 [100.00%] | 1822 [100.00%] | 960 [100.00%] | 6833 [100.00%] |
|    Used Resources                             |   17862 [  1.74%] |    494 [  0.09%] |   29250 [  1.37%] |  462 [ 25.36%] |   0 [  0.00%] |  521 [  7.62%] |
|    Unused Resources                           | 1007181 [ 98.26%] | 573453 [ 99.91%] | 2104559 [ 98.63%] | 1360 [ 74.64%] | 960 [100.00%] | 6312 [ 92.38%] |
| TransposeConv2d_kernel_TransposeConv2d_kernel |   17862 [  1.74%] |    494 [  0.09%] |   29250 [  1.37%] |  462 [ 25.36%] |   0 [  0.00%] |  521 [  7.62%] |
|    TransposeConv2d_kernel_1                   |   17862 [  1.74%] |    494 [  0.09%] |   29250 [  1.37%] |  462 [ 25.36%] |   0 [  0.00%] |  521 [  7.62%] |
+-----------------------------------------------+-------------------+------------------+-------------------+----------------+---------------+----------------+


